<!DOCTYPE HTML PUBLIC "-//W3C//DTD HTML 4.01 Transitional//EN" "http://www.w3.org/TR/html4/loose.dtd">
<!-- NewPage -->
<html lang="en">
<head>
<!-- Generated by javadoc (version 1.7.0_79) on Thu Oct 15 10:16:26 BST 2015 -->
<meta http-equiv="Content-Type" content="text/html; charset=UTF-8">
<title>com.github.deltaspikedbunit.expected (Deltaspike DBUnit 0.5.0 Test API)</title>
<meta name="date" content="2015-10-15">
<link rel="stylesheet" type="text/css" href="../../../../stylesheet.css" title="Style">
</head>
<body>
<h1 class="bar"><a href="../../../../com/github/deltaspikedbunit/expected/package-summary.html" target="classFrame">com.github.deltaspikedbunit.expected</a></h1>
<div class="indexContainer">
<h2 title="Classes">Classes</h2>
<ul title="Classes">
<li><a href="ExpectedFailureOnClassTest.html" title="class in com.github.deltaspikedbunit.expected" target="classFrame">ExpectedFailureOnClassTest</a></li>
<li><a href="ExpectedFailureOnMethodTest.html" title="class in com.github.deltaspikedbunit.expected" target="classFrame">ExpectedFailureOnMethodTest</a></li>
<li><a href="ExpectedNonStrictOnClassTest.html" title="class in com.github.deltaspikedbunit.expected" target="classFrame">ExpectedNonStrictOnClassTest</a></li>
<li><a href="ExpectedNonStrictOnMethodTest.html" title="class in com.github.deltaspikedbunit.expected" target="classFrame">ExpectedNonStrictOnMethodTest</a></li>
<li><a href="ExpectedNonStrictUnorderedOnClassTest.html" title="class in com.github.deltaspikedbunit.expected" target="classFrame">ExpectedNonStrictUnorderedOnClassTest</a></li>
<li><a href="ExpectedNonStrictUnorderedOnMethodTest.html" title="class in com.github.deltaspikedbunit.expected" target="classFrame">ExpectedNonStrictUnorderedOnMethodTest</a></li>
<li><a href="ExpectedOnClassAndMethodTest.html" title="class in com.github.deltaspikedbunit.expected" target="classFrame">ExpectedOnClassAndMethodTest</a></li>
<li><a href="ExpectedOnClassAndMethodWithoutOverrideTest.html" title="class in com.github.deltaspikedbunit.expected" target="classFrame">ExpectedOnClassAndMethodWithoutOverrideTest</a></li>
<li><a href="ExpectedQueryNonStrictOnMethodTest.html" title="class in com.github.deltaspikedbunit.expected" target="classFrame">ExpectedQueryNonStrictOnMethodTest</a></li>
<li><a href="ExpectedQueryOnMethodTest.html" title="class in com.github.deltaspikedbunit.expected" target="classFrame">ExpectedQueryOnMethodTest</a></li>
<li><a href="ExpectedQueryWithModifierOnMethodTest.html" title="class in com.github.deltaspikedbunit.expected" target="classFrame">ExpectedQueryWithModifierOnMethodTest</a></li>
<li><a href="ExpectedTableNonStrictOnClassTest.html" title="class in com.github.deltaspikedbunit.expected" target="classFrame">ExpectedTableNonStrictOnClassTest</a></li>
</ul>
</div>
</body>
</html>
