
<!DOCTYPE html PUBLIC "-//W3C//DTD XHTML 1.0 Transitional//EN" "DTD/xhtml1-transitional.dtd">
<html xml:lang="en" lang="en">
	<head>
		<meta http-equiv="content-type" content="text/html; charset=UTF-8" />
		<title>Deltaspike DBUnit 0.5.0 Reference Package com.github.deltaspikedbunit.expected</title>
		<link rel="stylesheet" type="text/css" href="../../../../stylesheet.css" title="style" />
	</head>
	<body>

		<h3>
        	<a href="package-summary.html" target="classFrame">com.github.deltaspikedbunit.expected</a>
      	</h3>

      	<h3>Classes</h3>

      	<ul>
      		          	<li>
            	<a href="ExpectedFailureOnClassTest.html" target="classFrame">ExpectedFailureOnClassTest</a>
          	</li>
          	          	<li>
            	<a href="ExpectedFailureOnMethodTest.html" target="classFrame">ExpectedFailureOnMethodTest</a>
          	</li>
          	          	<li>
            	<a href="ExpectedNonStrictOnClassTest.html" target="classFrame">ExpectedNonStrictOnClassTest</a>
          	</li>
          	          	<li>
            	<a href="ExpectedNonStrictOnMethodTest.html" target="classFrame">ExpectedNonStrictOnMethodTest</a>
          	</li>
          	          	<li>
            	<a href="ExpectedNonStrictUnorderedOnClassTest.html" target="classFrame">ExpectedNonStrictUnorderedOnClassTest</a>
          	</li>
          	          	<li>
            	<a href="ExpectedNonStrictUnorderedOnMethodTest.html" target="classFrame">ExpectedNonStrictUnorderedOnMethodTest</a>
          	</li>
          	          	<li>
            	<a href="ExpectedOnClassAndMethodTest.html" target="classFrame">ExpectedOnClassAndMethodTest</a>
          	</li>
          	          	<li>
            	<a href="ExpectedOnClassAndMethodWithoutOverrideTest.html" target="classFrame">ExpectedOnClassAndMethodWithoutOverrideTest</a>
          	</li>
          	          	<li>
            	<a href="ExpectedQueryNonStrictOnMethodTest.html" target="classFrame">ExpectedQueryNonStrictOnMethodTest</a>
          	</li>
          	          	<li>
            	<a href="ExpectedQueryOnMethodTest.html" target="classFrame">ExpectedQueryOnMethodTest</a>
          	</li>
          	          	<li>
            	<a href="ExpectedQueryWithModifierOnMethodTest.html" target="classFrame">ExpectedQueryWithModifierOnMethodTest</a>
          	</li>
          	          	<li>
            	<a href="ExpectedTableNonStrictOnClassTest.html" target="classFrame">ExpectedTableNonStrictOnClassTest</a>
          	</li>
          	          	<li>
            	<a href="ExpectedQueryWithModifierOnMethodTest.html" target="classFrame">InnerModifier</a>
          	</li>
          	          	<li>
            	<a href="ExpectedQueryWithModifierOnMethodTest.html" target="classFrame">OuterModifier</a>
          	</li>
          	      	</ul>

	</body>
</html>