
<!DOCTYPE html PUBLIC "-//W3C//DTD XHTML 1.0 Transitional//EN" "DTD/xhtml1-transitional.dtd">
<html xml:lang="en" lang="en">
	<head>
		<meta http-equiv="content-type" content="text/html; charset=UTF-8" />
		<title>Deltaspike DBUnit 0.5.0 Reference Package com.github.deltaspikedbunit.expected</title>
		<link rel="stylesheet" type="text/css" href="../../../../stylesheet.css" title="style" />
	</head>
	<body>
		      	<div class="overview">
        	<ul>
          		<li>
            		<a href="../../../../overview-summary.html">Overview</a>
          		</li>
          		<li class="selected">Package</li>
        	</ul>
      	</div>
      	<div class="framenoframe">
        	<ul>
          		<li>
            		<a href="../../../../index.html" target="_top">FRAMES</a>
          		</li>
          		<li>
            		<a href="package-summary.html" target="_top">NO FRAMES</a>
          		</li>
        	</ul>
      	</div>
		
		      	<h2>Package com.github.deltaspikedbunit.expected</h2>

		<table class="summary">
        	<thead>
          		<tr>
            		<th>Class Summary</th>
          		</tr>
        	</thead>
        	<tbody>
        		            	<tr>
              		<td>
                		<a href="ExpectedFailureOnClassTest.html" target="classFrame">ExpectedFailureOnClassTest</a>
              		</td>
            	</tr>
				            	<tr>
              		<td>
                		<a href="ExpectedFailureOnMethodTest.html" target="classFrame">ExpectedFailureOnMethodTest</a>
              		</td>
            	</tr>
				            	<tr>
              		<td>
                		<a href="ExpectedNonStrictOnClassTest.html" target="classFrame">ExpectedNonStrictOnClassTest</a>
              		</td>
            	</tr>
				            	<tr>
              		<td>
                		<a href="ExpectedNonStrictOnMethodTest.html" target="classFrame">ExpectedNonStrictOnMethodTest</a>
              		</td>
            	</tr>
				            	<tr>
              		<td>
                		<a href="ExpectedNonStrictUnorderedOnClassTest.html" target="classFrame">ExpectedNonStrictUnorderedOnClassTest</a>
              		</td>
            	</tr>
				            	<tr>
              		<td>
                		<a href="ExpectedNonStrictUnorderedOnMethodTest.html" target="classFrame">ExpectedNonStrictUnorderedOnMethodTest</a>
              		</td>
            	</tr>
				            	<tr>
              		<td>
                		<a href="ExpectedOnClassAndMethodTest.html" target="classFrame">ExpectedOnClassAndMethodTest</a>
              		</td>
            	</tr>
				            	<tr>
              		<td>
                		<a href="ExpectedOnClassAndMethodWithoutOverrideTest.html" target="classFrame">ExpectedOnClassAndMethodWithoutOverrideTest</a>
              		</td>
            	</tr>
				            	<tr>
              		<td>
                		<a href="ExpectedQueryNonStrictOnMethodTest.html" target="classFrame">ExpectedQueryNonStrictOnMethodTest</a>
              		</td>
            	</tr>
				            	<tr>
              		<td>
                		<a href="ExpectedQueryOnMethodTest.html" target="classFrame">ExpectedQueryOnMethodTest</a>
              		</td>
            	</tr>
				            	<tr>
              		<td>
                		<a href="ExpectedQueryWithModifierOnMethodTest.html" target="classFrame">ExpectedQueryWithModifierOnMethodTest</a>
              		</td>
            	</tr>
				            	<tr>
              		<td>
                		<a href="ExpectedTableNonStrictOnClassTest.html" target="classFrame">ExpectedTableNonStrictOnClassTest</a>
              		</td>
            	</tr>
				            	<tr>
              		<td>
                		<a href="ExpectedQueryWithModifierOnMethodTest.html" target="classFrame">InnerModifier</a>
              		</td>
            	</tr>
				            	<tr>
              		<td>
                		<a href="ExpectedQueryWithModifierOnMethodTest.html" target="classFrame">OuterModifier</a>
              		</td>
            	</tr>
				        	</tbody>
      	</table>
		
		      	<div class="overview">
        	<ul>
          		<li>
            		<a href="../../../../overview-summary.html">Overview</a>
          		</li>
          		<li class="selected">Package</li>
        	</ul>
      	</div>
      	<div class="framenoframe">
        	<ul>
          		<li>
            		<a href="../../../../index.html" target="_top">FRAMES</a>
          		</li>
          		<li>
            		<a href="package-summary.html" target="_top">NO FRAMES</a>
          		</li>
        	</ul>
      	</div>
				<hr />
		Copyright &#169; 2015. All Rights Reserved.
	</body>
</html>